04K5686_methylC.bed.gz: OK
04K5686_methylC.bed.gz.tbi: OK
05WN230_methylC.bed.gz: OK
05WN230_methylC.bed.gz.tbi: OK
07KS4_methylC.bed.gz: OK
07KS4_methylC.bed.gz.tbi: OK
1323_methylC.bed.gz: OK
1323_methylC.bed.gz.tbi: OK
150_methylC.bed.gz: OK
150_methylC.bed.gz.tbi: OK
177_methylC.bed.gz: OK
177_methylC.bed.gz.tbi: OK
238_methylC.bed.gz: OK
238_methylC.bed.gz.tbi: OK
268_methylC.bed.gz: OK
268_methylC.bed.gz.tbi: OK
384-2_methylC.bed.gz: OK
384-2_methylC.bed.gz.tbi: OK
4019_methylC.bed.gz: OK
4019_methylC.bed.gz.tbi: OK
4F1_methylC.bed.gz: OK
4F1_methylC.bed.gz.tbi: OK
501_methylC.bed.gz: OK
501_methylC.bed.gz.tbi: OK
5213_methylC.bed.gz: OK
5213_methylC.bed.gz.tbi: OK
7327_methylC.bed.gz: OK
7327_methylC.bed.gz.tbi: OK
7381_methylC.bed.gz: OK
7381_methylC.bed.gz.tbi: OK
812_methylC.bed.gz: OK
812_methylC.bed.gz.tbi: OK
832_methylC.bed.gz: OK
832_methylC.bed.gz.tbi: OK
835A_methylC.bed.gz: OK
835A_methylC.bed.gz.tbi: OK
8902_methylC.bed.gz: OK
8902_methylC.bed.gz.tbi: OK
975-12_methylC.bed.gz: OK
975-12_methylC.bed.gz.tbi: OK
A619_methylC.bed.gz: OK
A619_methylC.bed.gz.tbi: OK
B110_methylC.bed.gz: OK
B110_methylC.bed.gz.tbi: OK
B111_methylC.bed.gz: OK
B111_methylC.bed.gz.tbi: OK
B11_methylC.bed.gz: OK
B11_methylC.bed.gz.tbi: OK
B73_methylC.bed.gz: OK
B73_methylC.bed.gz.tbi: OK
BEM_methylC.bed.gz: OK
BEM_methylC.bed.gz.tbi: OK
BS16_methylC.bed.gz: OK
BS16_methylC.bed.gz.tbi: OK
BY4839_methylC.bed.gz: OK
BY4839_methylC.bed.gz.tbi: OK
BY4944_methylC.bed.gz: OK
BY4944_methylC.bed.gz.tbi: OK
BY4960_methylC.bed.gz: OK
BY4960_methylC.bed.gz.tbi: OK
BY809_methylC.bed.gz: OK
BY809_methylC.bed.gz.tbi: OK
BY813_methylC.bed.gz: OK
BY813_methylC.bed.gz.tbi: OK
BY815_methylC.bed.gz: OK
BY815_methylC.bed.gz.tbi: OK
BY855_methylC.bed.gz: OK
BY855_methylC.bed.gz.tbi: OK
CF3_methylC.bed.gz: OK
CF3_methylC.bed.gz.tbi: OK
CHENG698_methylC.bed.gz: OK
CHENG698_methylC.bed.gz.tbi: OK
CIMBL105_methylC.bed.gz: OK
CIMBL105_methylC.bed.gz.tbi: OK
CIMBL107_methylC.bed.gz: OK
CIMBL107_methylC.bed.gz.tbi: OK
CIMBL108_methylC.bed.gz: OK
CIMBL108_methylC.bed.gz.tbi: OK
CIMBL109_methylC.bed.gz: OK
CIMBL109_methylC.bed.gz.tbi: OK
CIMBL10_methylC.bed.gz: OK
CIMBL10_methylC.bed.gz.tbi: OK
CIMBL110_methylC.bed.gz: OK
CIMBL110_methylC.bed.gz.tbi: OK
CIMBL112_methylC.bed.gz: OK
CIMBL112_methylC.bed.gz.tbi: OK
CIMBL114_methylC.bed.gz: OK
CIMBL114_methylC.bed.gz.tbi: OK
CIMBL116_methylC.bed.gz: OK
CIMBL116_methylC.bed.gz.tbi: OK
CIMBL11_methylC.bed.gz: OK
CIMBL11_methylC.bed.gz.tbi: OK
CIMBL125_methylC.bed.gz: OK
CIMBL125_methylC.bed.gz.tbi: OK
CIMBL126_methylC.bed.gz: OK
CIMBL126_methylC.bed.gz.tbi: OK
CIMBL127_methylC.bed.gz: OK
CIMBL127_methylC.bed.gz.tbi: OK
CIMBL129_methylC.bed.gz: OK
CIMBL129_methylC.bed.gz.tbi: OK
CIMBL12_methylC.bed.gz: OK
CIMBL12_methylC.bed.gz.tbi: OK
CIMBL130_methylC.bed.gz: OK
CIMBL130_methylC.bed.gz.tbi: OK
CIMBL131_methylC.bed.gz: OK
CIMBL131_methylC.bed.gz.tbi: OK
CIMBL133_methylC.bed.gz: OK
CIMBL133_methylC.bed.gz.tbi: OK
CIMBL137_methylC.bed.gz: OK
CIMBL137_methylC.bed.gz.tbi: OK
CIMBL138_methylC.bed.gz: OK
CIMBL138_methylC.bed.gz.tbi: OK
CIMBL13_methylC.bed.gz: OK
CIMBL13_methylC.bed.gz.tbi: OK
CIMBL140_methylC.bed.gz: OK
CIMBL140_methylC.bed.gz.tbi: OK
CIMBL141_methylC.bed.gz: OK
CIMBL141_methylC.bed.gz.tbi: OK
CIMBL145_methylC.bed.gz: OK
CIMBL145_methylC.bed.gz.tbi: OK
CIMBL148_methylC.bed.gz: OK
CIMBL148_methylC.bed.gz.tbi: OK
CIMBL14_methylC.bed.gz: OK
CIMBL14_methylC.bed.gz.tbi: OK
CIMBL150_methylC.bed.gz: OK
CIMBL150_methylC.bed.gz.tbi: OK
CIMBL151_methylC.bed.gz: OK
CIMBL151_methylC.bed.gz.tbi: OK
CIMBL152_methylC.bed.gz: OK
CIMBL152_methylC.bed.gz.tbi: OK
CIMBL154_methylC.bed.gz: OK
CIMBL154_methylC.bed.gz.tbi: OK
CIMBL155_methylC.bed.gz: OK
CIMBL155_methylC.bed.gz.tbi: OK
CIMBL17_methylC.bed.gz: OK
CIMBL17_methylC.bed.gz.tbi: OK
CIMBL18_methylC.bed.gz: OK
CIMBL18_methylC.bed.gz.tbi: OK
CIMBL20_methylC.bed.gz: OK
CIMBL20_methylC.bed.gz.tbi: OK
CIMBL22_methylC.bed.gz: OK
CIMBL22_methylC.bed.gz.tbi: OK
CIMBL23_methylC.bed.gz: OK
CIMBL23_methylC.bed.gz.tbi: OK
CIMBL25_methylC.bed.gz: OK
CIMBL25_methylC.bed.gz.tbi: OK
CIMBL28_methylC.bed.gz: OK
CIMBL28_methylC.bed.gz.tbi: OK
CIMBL29_methylC.bed.gz: OK
CIMBL29_methylC.bed.gz.tbi: OK
CIMBL2_methylC.bed.gz: OK
CIMBL2_methylC.bed.gz.tbi: OK
CIMBL33_methylC.bed.gz: OK
CIMBL33_methylC.bed.gz.tbi: OK
CIMBL37_methylC.bed.gz: OK
CIMBL37_methylC.bed.gz.tbi: OK
CIMBL39_methylC.bed.gz: OK
CIMBL39_methylC.bed.gz.tbi: OK
CIMBL3_methylC.bed.gz: OK
CIMBL3_methylC.bed.gz.tbi: OK
CIMBL40_methylC.bed.gz: OK
CIMBL40_methylC.bed.gz.tbi: OK
CIMBL41_methylC.bed.gz: OK
CIMBL41_methylC.bed.gz.tbi: OK
CIMBL42_methylC.bed.gz: OK
CIMBL42_methylC.bed.gz.tbi: OK
CIMBL43_methylC.bed.gz: OK
CIMBL43_methylC.bed.gz.tbi: OK
CIMBL44_methylC.bed.gz: OK
CIMBL44_methylC.bed.gz.tbi: OK
CIMBL48_methylC.bed.gz: OK
CIMBL48_methylC.bed.gz.tbi: OK
CIMBL49_methylC.bed.gz: OK
CIMBL49_methylC.bed.gz.tbi: OK
CIMBL4_methylC.bed.gz: OK
CIMBL4_methylC.bed.gz.tbi: OK
CIMBL51_methylC.bed.gz: OK
CIMBL51_methylC.bed.gz.tbi: OK
CIMBL53_methylC.bed.gz: OK
CIMBL53_methylC.bed.gz.tbi: OK
CIMBL56_methylC.bed.gz: OK
CIMBL56_methylC.bed.gz.tbi: OK
CIMBL60_methylC.bed.gz: OK
CIMBL60_methylC.bed.gz.tbi: OK
CIMBL63_methylC.bed.gz: OK
CIMBL63_methylC.bed.gz.tbi: OK
CIMBL66_methylC.bed.gz: OK
CIMBL66_methylC.bed.gz.tbi: OK
CIMBL68_methylC.bed.gz: OK
CIMBL68_methylC.bed.gz.tbi: OK
CIMBL69_methylC.bed.gz: OK
CIMBL69_methylC.bed.gz.tbi: OK
CIMBL70_methylC.bed.gz: OK
CIMBL70_methylC.bed.gz.tbi: OK
CIMBL71_methylC.bed.gz: OK
CIMBL71_methylC.bed.gz.tbi: OK
CIMBL72_methylC.bed.gz: OK
CIMBL72_methylC.bed.gz.tbi: OK
CIMBL74_methylC.bed.gz: OK
CIMBL74_methylC.bed.gz.tbi: OK
CIMBL75_methylC.bed.gz: OK
CIMBL75_methylC.bed.gz.tbi: OK
CIMBL76_methylC.bed.gz: OK
CIMBL76_methylC.bed.gz.tbi: OK
CIMBL77_methylC.bed.gz: OK
CIMBL77_methylC.bed.gz.tbi: OK
CIMBL7_methylC.bed.gz: OK
CIMBL7_methylC.bed.gz.tbi: OK
CIMBL82_methylC.bed.gz: OK
CIMBL82_methylC.bed.gz.tbi: OK
CIMBL83_methylC.bed.gz: OK
CIMBL83_methylC.bed.gz.tbi: OK
CIMBL86_methylC.bed.gz: OK
CIMBL86_methylC.bed.gz.tbi: OK
CIMBL88_methylC.bed.gz: OK
CIMBL88_methylC.bed.gz.tbi: OK
CIMBL8_methylC.bed.gz: OK
CIMBL8_methylC.bed.gz.tbi: OK
CIMBL91_methylC.bed.gz: OK
CIMBL91_methylC.bed.gz.tbi: OK
CIMBL92_methylC.bed.gz: OK
CIMBL92_methylC.bed.gz.tbi: OK
CIMBL94_methylC.bed.gz: OK
CIMBL94_methylC.bed.gz.tbi: OK
CIMBL95_methylC.bed.gz: OK
CIMBL95_methylC.bed.gz.tbi: OK
CIMBL96_methylC.bed.gz: OK
CIMBL96_methylC.bed.gz.tbi: OK
CIMBL99_methylC.bed.gz: OK
CIMBL99_methylC.bed.gz.tbi: OK
CIMBL9_methylC.bed.gz: OK
CIMBL9_methylC.bed.gz.tbi: OK
CML114_methylC.bed.gz: OK
CML114_methylC.bed.gz.tbi: OK
CML121_methylC.bed.gz: OK
CML121_methylC.bed.gz.tbi: OK
CML122_methylC.bed.gz: OK
CML122_methylC.bed.gz.tbi: OK
CML130_methylC.bed.gz: OK
CML130_methylC.bed.gz.tbi: OK
CML134_methylC.bed.gz: OK
CML134_methylC.bed.gz.tbi: OK
CML139_methylC.bed.gz: OK
CML139_methylC.bed.gz.tbi: OK
CML162_methylC.bed.gz: OK
CML162_methylC.bed.gz.tbi: OK
CML163_methylC.bed.gz: OK
CML163_methylC.bed.gz.tbi: OK
CML166_methylC.bed.gz: OK
CML166_methylC.bed.gz.tbi: OK
CML168_methylC.bed.gz: OK
CML168_methylC.bed.gz.tbi: OK
CML170_methylC.bed.gz: OK
CML170_methylC.bed.gz.tbi: OK
CML171_methylC.bed.gz: OK
CML171_methylC.bed.gz.tbi: OK
CML172_methylC.bed.gz: OK
CML172_methylC.bed.gz.tbi: OK
CML189_methylC.bed.gz: OK
CML189_methylC.bed.gz.tbi: OK
CML192_methylC.bed.gz: OK
CML192_methylC.bed.gz.tbi: OK
CML223_methylC.bed.gz: OK
CML223_methylC.bed.gz.tbi: OK
CML226_methylC.bed.gz: OK
CML226_methylC.bed.gz.tbi: OK
CML26_methylC.bed.gz: OK
CML26_methylC.bed.gz.tbi: OK
CML27_methylC.bed.gz: OK
CML27_methylC.bed.gz.tbi: OK
CML285_methylC.bed.gz: OK
CML285_methylC.bed.gz.tbi: OK
CML286_methylC.bed.gz: OK
CML286_methylC.bed.gz.tbi: OK
CML287_methylC.bed.gz: OK
CML287_methylC.bed.gz.tbi: OK
CML28_methylC.bed.gz: OK
CML28_methylC.bed.gz.tbi: OK
CML29_methylC.bed.gz: OK
CML29_methylC.bed.gz.tbi: OK
CML307_methylC.bed.gz: OK
CML307_methylC.bed.gz.tbi: OK
CML323_methylC.bed.gz: OK
CML323_methylC.bed.gz.tbi: OK
CML324_methylC.bed.gz: OK
CML324_methylC.bed.gz.tbi: OK
CML325_methylC.bed.gz: OK
CML325_methylC.bed.gz.tbi: OK
CML327_methylC.bed.gz: OK
CML327_methylC.bed.gz.tbi: OK
CML32_methylC.bed.gz: OK
CML32_methylC.bed.gz.tbi: OK
CML360_methylC.bed.gz: OK
CML360_methylC.bed.gz.tbi: OK
CML361_methylC.bed.gz: OK
CML361_methylC.bed.gz.tbi: OK
CML40_methylC.bed.gz: OK
CML40_methylC.bed.gz.tbi: OK
CML411_methylC.bed.gz: OK
CML411_methylC.bed.gz.tbi: OK
CML423_methylC.bed.gz: OK
CML423_methylC.bed.gz.tbi: OK
CML426_methylC.bed.gz: OK
CML426_methylC.bed.gz.tbi: OK
CML428_methylC.bed.gz: OK
CML428_methylC.bed.gz.tbi: OK
CML430_methylC.bed.gz: OK
CML430_methylC.bed.gz.tbi: OK
CML431_methylC.bed.gz: OK
CML431_methylC.bed.gz.tbi: OK
CML432_methylC.bed.gz: OK
CML432_methylC.bed.gz.tbi: OK
CML451_methylC.bed.gz: OK
CML451_methylC.bed.gz.tbi: OK
CML470_methylC.bed.gz: OK
CML470_methylC.bed.gz.tbi: OK
CML471_methylC.bed.gz: OK
CML471_methylC.bed.gz.tbi: OK
CML493_methylC.bed.gz: OK
CML493_methylC.bed.gz.tbi: OK
CML69_methylC.bed.gz: OK
CML69_methylC.bed.gz.tbi: OK
DAN3130_methylC.bed.gz: OK
DAN3130_methylC.bed.gz.tbi: OK
DAN340_methylC.bed.gz: OK
DAN340_methylC.bed.gz.tbi: OK
DAN360_methylC.bed.gz: OK
DAN360_methylC.bed.gz.tbi: OK
DAN598_methylC.bed.gz: OK
DAN598_methylC.bed.gz.tbi: OK
DAN599_methylC.bed.gz: OK
DAN599_methylC.bed.gz.tbi: OK
DE.EX_methylC.bed.gz: OK
DE.EX_methylC.bed.gz.tbi: OK
GEMS10_methylC.bed.gz: OK
GEMS10_methylC.bed.gz.tbi: OK
GEMS11_methylC.bed.gz: OK
GEMS11_methylC.bed.gz.tbi: OK
GEMS13_methylC.bed.gz: OK
GEMS13_methylC.bed.gz.tbi: OK
GEMS14_methylC.bed.gz: OK
GEMS14_methylC.bed.gz.tbi: OK
GEMS18_methylC.bed.gz: OK
GEMS18_methylC.bed.gz.tbi: OK
GEMS19_methylC.bed.gz: OK
GEMS19_methylC.bed.gz.tbi: OK
GEMS21_methylC.bed.gz: OK
GEMS21_methylC.bed.gz.tbi: OK
GEMS24_methylC.bed.gz: OK
GEMS24_methylC.bed.gz.tbi: OK
GEMS28_methylC.bed.gz: OK
GEMS28_methylC.bed.gz.tbi: OK
GEMS29_methylC.bed.gz: OK
GEMS29_methylC.bed.gz.tbi: OK
GEMS31_methylC.bed.gz: OK
GEMS31_methylC.bed.gz.tbi: OK
GEMS32_methylC.bed.gz: OK
GEMS32_methylC.bed.gz.tbi: OK
GEMS33_methylC.bed.gz: OK
GEMS33_methylC.bed.gz.tbi: OK
GEMS37_methylC.bed.gz: OK
GEMS37_methylC.bed.gz.tbi: OK
GEMS3_methylC.bed.gz: OK
GEMS3_methylC.bed.gz.tbi: OK
GEMS47_methylC.bed.gz: OK
GEMS47_methylC.bed.gz.tbi: OK
GEMS49_methylC.bed.gz: OK
GEMS49_methylC.bed.gz.tbi: OK
GEMS53_methylC.bed.gz: OK
GEMS53_methylC.bed.gz.tbi: OK
GEMS56_methylC.bed.gz: OK
GEMS56_methylC.bed.gz.tbi: OK
GEMS5_methylC.bed.gz: OK
GEMS5_methylC.bed.gz.tbi: OK
GEMS60_methylC.bed.gz: OK
GEMS60_methylC.bed.gz.tbi: OK
GEMS62_methylC.bed.gz: OK
GEMS62_methylC.bed.gz.tbi: OK
GEMS63_methylC.bed.gz: OK
GEMS63_methylC.bed.gz.tbi: OK
GEMS64_methylC.bed.gz: OK
GEMS64_methylC.bed.gz.tbi: OK
GEMS65_methylC.bed.gz: OK
GEMS65_methylC.bed.gz.tbi: OK
GEMS9_methylC.bed.gz: OK
GEMS9_methylC.bed.gz.tbi: OK
GY220_methylC.bed.gz: OK
GY220_methylC.bed.gz.tbi: OK
GY237_methylC.bed.gz: OK
GY237_methylC.bed.gz.tbi: OK
GY386_methylC.bed.gz: OK
GY386_methylC.bed.gz.tbi: OK
GY462_methylC.bed.gz: OK
GY462_methylC.bed.gz.tbi: OK
GY798_methylC.bed.gz: OK
GY798_methylC.bed.gz.tbi: OK
GY923_methylC.bed.gz: OK
GY923_methylC.bed.gz.tbi: OK
HU803_methylC.bed.gz: OK
HU803_methylC.bed.gz.tbi: OK
HYS_methylC.bed.gz: OK
HYS_methylC.bed.gz.tbi: OK
HZS_methylC.bed.gz: OK
HZS_methylC.bed.gz.tbi: OK
IRF314_methylC.bed.gz: OK
IRF314_methylC.bed.gz.tbi: OK
J4112_methylC.bed.gz: OK
J4112_methylC.bed.gz.tbi: OK
JH59_methylC.bed.gz: OK
JH59_methylC.bed.gz.tbi: OK
JI63_methylC.bed.gz: OK
JI63_methylC.bed.gz.tbi: OK
JI846_methylC.bed.gz: OK
JI846_methylC.bed.gz.tbi: OK
JY01_methylC.bed.gz: OK
JY01_methylC.bed.gz.tbi: OK
K22_methylC.bed.gz: OK
K22_methylC.bed.gz.tbi: OK
L3180_methylC.bed.gz: OK
L3180_methylC.bed.gz.tbi: OK
LG001_methylC.bed.gz: OK
LG001_methylC.bed.gz.tbi: OK
LIAO159_methylC.bed.gz: OK
LIAO159_methylC.bed.gz.tbi: OK
LIAO5263_methylC.bed.gz: OK
LIAO5263_methylC.bed.gz.tbi: OK
LV28_methylC.bed.gz: OK
LV28_methylC.bed.gz.tbi: OK
LX9801_methylC.bed.gz: OK
LX9801_methylC.bed.gz.tbi: OK
LXN_methylC.bed.gz: OK
LXN_methylC.bed.gz.tbi: OK
LY_methylC.bed.gz: OK
LY_methylC.bed.gz.tbi: OK
M97_methylC.bed.gz: OK
M97_methylC.bed.gz.tbi: OK
MO17_methylC.bed.gz: OK
MO17_methylC.bed.gz.tbi: OK
P138_methylC.bed.gz: OK
P138_methylC.bed.gz.tbi: OK
P178_methylC.bed.gz: OK
P178_methylC.bed.gz.tbi: OK
Q1261_methylC.bed.gz: OK
Q1261_methylC.bed.gz.tbi: OK
QI205_methylC.bed.gz: OK
QI205_methylC.bed.gz.tbi: OK
QI319_methylC.bed.gz: OK
QI319_methylC.bed.gz.tbi: OK
RY697_methylC.bed.gz: OK
RY697_methylC.bed.gz.tbi: OK
RY713_methylC.bed.gz: OK
RY713_methylC.bed.gz.tbi: OK
RY732_methylC.bed.gz: OK
RY732_methylC.bed.gz.tbi: OK
S37_methylC.bed.gz: OK
S37_methylC.bed.gz.tbi: OK
SHEN137_methylC.bed.gz: OK
SHEN137_methylC.bed.gz.tbi: OK
SI273_methylC.bed.gz: OK
SI273_methylC.bed.gz.tbi: OK
SW92E114_methylC.bed.gz: OK
SW92E114_methylC.bed.gz.tbi: OK
SY1032_methylC.bed.gz: OK
SY1032_methylC.bed.gz.tbi: OK
SY1035_methylC.bed.gz: OK
SY1035_methylC.bed.gz.tbi: OK
SY1052_methylC.bed.gz: OK
SY1052_methylC.bed.gz.tbi: OK
SY3073_methylC.bed.gz: OK
SY3073_methylC.bed.gz.tbi: OK
TIAN77_methylC.bed.gz: OK
TIAN77_methylC.bed.gz.tbi: OK
TIE7922_methylC.bed.gz: OK
TIE7922_methylC.bed.gz.tbi: OK
TT16_methylC.bed.gz: OK
TT16_methylC.bed.gz.tbi: OK
TX5_methylC.bed.gz: OK
TX5_methylC.bed.gz.tbi: OK
TY10_methylC.bed.gz: OK
TY10_methylC.bed.gz.tbi: OK
TY11_methylC.bed.gz: OK
TY11_methylC.bed.gz.tbi: OK
TY1_methylC.bed.gz: OK
TY1_methylC.bed.gz.tbi: OK
TY2_methylC.bed.gz: OK
TY2_methylC.bed.gz.tbi: OK
TY3_methylC.bed.gz: OK
TY3_methylC.bed.gz.tbi: OK
TY6_methylC.bed.gz: OK
TY6_methylC.bed.gz.tbi: OK
TY7_methylC.bed.gz: OK
TY7_methylC.bed.gz.tbi: OK
TY8_methylC.bed.gz: OK
TY8_methylC.bed.gz.tbi: OK
W138_methylC.bed.gz: OK
W138_methylC.bed.gz.tbi: OK
WMR_methylC.bed.gz: OK
WMR_methylC.bed.gz.tbi: OK
WU109_methylC.bed.gz: OK
WU109_methylC.bed.gz.tbi: OK
YE488_methylC.bed.gz: OK
YE488_methylC.bed.gz.tbi: OK
YU374_methylC.bed.gz: OK
YU374_methylC.bed.gz.tbi: OK
YU87-1_methylC.bed.gz: OK
YU87-1_methylC.bed.gz.tbi: OK
Z2018F_methylC.bed.gz: OK
Z2018F_methylC.bed.gz.tbi: OK
ZB648_methylC.bed.gz: OK
ZB648_methylC.bed.gz.tbi: OK
ZHENG22_methylC.bed.gz: OK
ZHENG22_methylC.bed.gz.tbi: OK
ZHENG29_methylC.bed.gz: OK
ZHENG29_methylC.bed.gz.tbi: OK
ZHENG30_methylC.bed.gz: OK
ZHENG30_methylC.bed.gz.tbi: OK
ZHENG35_methylC.bed.gz: OK
ZHENG35_methylC.bed.gz.tbi: OK
ZHENG58_methylC.bed.gz: OK
ZHENG58_methylC.bed.gz.tbi: OK
ZHENG653_methylC.bed.gz: OK
ZHENG653_methylC.bed.gz.tbi: OK
ZHI41_methylC.bed.gz: OK
ZHI41_methylC.bed.gz.tbi: OK
ZZ01_methylC.bed.gz: OK
ZZ01_methylC.bed.gz.tbi: OK
