04K5686.bedgraph.gz: OK
04K5686.bedgraph.gz.tbi: OK
05WN230.bedgraph.gz: OK
05WN230.bedgraph.gz.tbi: OK
07KS4.bedgraph.gz: OK
07KS4.bedgraph.gz.tbi: OK
1323.bedgraph.gz: OK
1323.bedgraph.gz.tbi: OK
150.bedgraph.gz: OK
150.bedgraph.gz.tbi: OK
177.bedgraph.gz: OK
177.bedgraph.gz.tbi: OK
238.bedgraph.gz: OK
238.bedgraph.gz.tbi: OK
268.bedgraph.gz: OK
268.bedgraph.gz.tbi: OK
384-2.bedgraph.gz: OK
384-2.bedgraph.gz.tbi: OK
4019.bedgraph.gz: OK
4019.bedgraph.gz.tbi: OK
4F1.bedgraph.gz: OK
4F1.bedgraph.gz.tbi: OK
501.bedgraph.gz: OK
501.bedgraph.gz.tbi: OK
5213.bedgraph.gz: OK
5213.bedgraph.gz.tbi: OK
7327.bedgraph.gz: OK
7327.bedgraph.gz.tbi: OK
7381.bedgraph.gz: OK
7381.bedgraph.gz.tbi: OK
812.bedgraph.gz: OK
812.bedgraph.gz.tbi: OK
832.bedgraph.gz: OK
832.bedgraph.gz.tbi: OK
835A.bedgraph.gz: OK
835A.bedgraph.gz.tbi: OK
8902.bedgraph.gz: OK
8902.bedgraph.gz.tbi: OK
975-12.bedgraph.gz: OK
975-12.bedgraph.gz.tbi: OK
A619.bedgraph.gz: OK
A619.bedgraph.gz.tbi: OK
B11.bedgraph.gz: OK
B11.bedgraph.gz.tbi: OK
B110.bedgraph.gz: OK
B110.bedgraph.gz.tbi: OK
B111.bedgraph.gz: OK
B111.bedgraph.gz.tbi: OK
B73.bedgraph.gz: OK
B73.bedgraph.gz.tbi: OK
BEM.bedgraph.gz: OK
BEM.bedgraph.gz.tbi: OK
BS16.bedgraph.gz: OK
BS16.bedgraph.gz.tbi: OK
BY4839.bedgraph.gz: OK
BY4839.bedgraph.gz.tbi: OK
BY4944.bedgraph.gz: OK
BY4944.bedgraph.gz.tbi: OK
BY4960.bedgraph.gz: OK
BY4960.bedgraph.gz.tbi: OK
BY809.bedgraph.gz: OK
BY809.bedgraph.gz.tbi: OK
BY813.bedgraph.gz: OK
BY813.bedgraph.gz.tbi: OK
BY815.bedgraph.gz: OK
BY815.bedgraph.gz.tbi: OK
BY855.bedgraph.gz: OK
BY855.bedgraph.gz.tbi: OK
CF3.bedgraph.gz: OK
CF3.bedgraph.gz.tbi: OK
CHENG698.bedgraph.gz: OK
CHENG698.bedgraph.gz.tbi: OK
CIMBL10.bedgraph.gz: OK
CIMBL10.bedgraph.gz.tbi: OK
CIMBL105.bedgraph.gz: OK
CIMBL105.bedgraph.gz.tbi: OK
CIMBL107.bedgraph.gz: OK
CIMBL107.bedgraph.gz.tbi: OK
CIMBL108.bedgraph.gz: OK
CIMBL108.bedgraph.gz.tbi: OK
CIMBL109.bedgraph.gz: OK
CIMBL109.bedgraph.gz.tbi: OK
CIMBL11.bedgraph.gz: OK
CIMBL11.bedgraph.gz.tbi: OK
CIMBL110.bedgraph.gz: OK
CIMBL110.bedgraph.gz.tbi: OK
CIMBL112.bedgraph.gz: OK
CIMBL112.bedgraph.gz.tbi: OK
CIMBL114.bedgraph.gz: OK
CIMBL114.bedgraph.gz.tbi: OK
CIMBL116.bedgraph.gz: OK
CIMBL116.bedgraph.gz.tbi: OK
CIMBL12.bedgraph.gz: OK
CIMBL12.bedgraph.gz.tbi: OK
CIMBL125.bedgraph.gz: OK
CIMBL125.bedgraph.gz.tbi: OK
CIMBL126.bedgraph.gz: OK
CIMBL126.bedgraph.gz.tbi: OK
CIMBL127.bedgraph.gz: OK
CIMBL127.bedgraph.gz.tbi: OK
CIMBL129.bedgraph.gz: OK
CIMBL129.bedgraph.gz.tbi: OK
CIMBL13.bedgraph.gz: OK
CIMBL13.bedgraph.gz.tbi: OK
CIMBL130.bedgraph.gz: OK
CIMBL130.bedgraph.gz.tbi: OK
CIMBL131.bedgraph.gz: OK
CIMBL131.bedgraph.gz.tbi: OK
CIMBL133.bedgraph.gz: OK
CIMBL133.bedgraph.gz.tbi: OK
CIMBL137.bedgraph.gz: OK
CIMBL137.bedgraph.gz.tbi: OK
CIMBL138.bedgraph.gz: OK
CIMBL138.bedgraph.gz.tbi: OK
CIMBL14.bedgraph.gz: OK
CIMBL14.bedgraph.gz.tbi: OK
CIMBL140.bedgraph.gz: OK
CIMBL140.bedgraph.gz.tbi: OK
CIMBL141.bedgraph.gz: OK
CIMBL141.bedgraph.gz.tbi: OK
CIMBL145.bedgraph.gz: OK
CIMBL145.bedgraph.gz.tbi: OK
CIMBL148.bedgraph.gz: OK
CIMBL148.bedgraph.gz.tbi: OK
CIMBL150.bedgraph.gz: OK
CIMBL150.bedgraph.gz.tbi: OK
CIMBL151.bedgraph.gz: OK
CIMBL151.bedgraph.gz.tbi: OK
CIMBL152.bedgraph.gz: OK
CIMBL152.bedgraph.gz.tbi: OK
CIMBL154.bedgraph.gz: OK
CIMBL154.bedgraph.gz.tbi: OK
CIMBL155.bedgraph.gz: OK
CIMBL155.bedgraph.gz.tbi: OK
CIMBL17.bedgraph.gz: OK
CIMBL17.bedgraph.gz.tbi: OK
CIMBL18.bedgraph.gz: OK
CIMBL18.bedgraph.gz.tbi: OK
CIMBL2.bedgraph.gz: OK
CIMBL2.bedgraph.gz.tbi: OK
CIMBL20.bedgraph.gz: OK
CIMBL20.bedgraph.gz.tbi: OK
CIMBL22.bedgraph.gz: OK
CIMBL22.bedgraph.gz.tbi: OK
CIMBL23.bedgraph.gz: OK
CIMBL23.bedgraph.gz.tbi: OK
CIMBL25.bedgraph.gz: OK
CIMBL25.bedgraph.gz.tbi: OK
CIMBL28.bedgraph.gz: OK
CIMBL28.bedgraph.gz.tbi: OK
CIMBL29.bedgraph.gz: OK
CIMBL29.bedgraph.gz.tbi: OK
CIMBL3.bedgraph.gz: OK
CIMBL3.bedgraph.gz.tbi: OK
CIMBL33.bedgraph.gz: OK
CIMBL33.bedgraph.gz.tbi: OK
CIMBL37.bedgraph.gz: OK
CIMBL37.bedgraph.gz.tbi: OK
CIMBL39.bedgraph.gz: OK
CIMBL39.bedgraph.gz.tbi: OK
CIMBL4.bedgraph.gz: OK
CIMBL4.bedgraph.gz.tbi: OK
CIMBL40.bedgraph.gz: OK
CIMBL40.bedgraph.gz.tbi: OK
CIMBL41.bedgraph.gz: OK
CIMBL41.bedgraph.gz.tbi: OK
CIMBL42.bedgraph.gz: OK
CIMBL42.bedgraph.gz.tbi: OK
CIMBL43.bedgraph.gz: OK
CIMBL43.bedgraph.gz.tbi: OK
CIMBL44.bedgraph.gz: OK
CIMBL44.bedgraph.gz.tbi: OK
CIMBL48.bedgraph.gz: OK
CIMBL48.bedgraph.gz.tbi: OK
CIMBL49.bedgraph.gz: OK
CIMBL49.bedgraph.gz.tbi: OK
CIMBL51.bedgraph.gz: OK
CIMBL51.bedgraph.gz.tbi: OK
CIMBL53.bedgraph.gz: OK
CIMBL53.bedgraph.gz.tbi: OK
CIMBL56.bedgraph.gz: OK
CIMBL56.bedgraph.gz.tbi: OK
CIMBL60.bedgraph.gz: OK
CIMBL60.bedgraph.gz.tbi: OK
CIMBL63.bedgraph.gz: OK
CIMBL63.bedgraph.gz.tbi: OK
CIMBL66.bedgraph.gz: OK
CIMBL66.bedgraph.gz.tbi: OK
CIMBL68.bedgraph.gz: OK
CIMBL68.bedgraph.gz.tbi: OK
CIMBL69.bedgraph.gz: OK
CIMBL69.bedgraph.gz.tbi: OK
CIMBL7.bedgraph.gz: OK
CIMBL7.bedgraph.gz.tbi: OK
CIMBL70.bedgraph.gz: OK
CIMBL70.bedgraph.gz.tbi: OK
CIMBL71.bedgraph.gz: OK
CIMBL71.bedgraph.gz.tbi: OK
CIMBL72.bedgraph.gz: OK
CIMBL72.bedgraph.gz.tbi: OK
CIMBL74.bedgraph.gz: OK
CIMBL74.bedgraph.gz.tbi: OK
CIMBL75.bedgraph.gz: OK
CIMBL75.bedgraph.gz.tbi: OK
CIMBL76.bedgraph.gz: OK
CIMBL76.bedgraph.gz.tbi: OK
CIMBL77.bedgraph.gz: OK
CIMBL77.bedgraph.gz.tbi: OK
CIMBL8.bedgraph.gz: OK
CIMBL8.bedgraph.gz.tbi: OK
CIMBL82.bedgraph.gz: OK
CIMBL82.bedgraph.gz.tbi: OK
CIMBL83.bedgraph.gz: OK
CIMBL83.bedgraph.gz.tbi: OK
CIMBL86.bedgraph.gz: OK
CIMBL86.bedgraph.gz.tbi: OK
CIMBL88.bedgraph.gz: OK
CIMBL88.bedgraph.gz.tbi: OK
CIMBL9.bedgraph.gz: OK
CIMBL9.bedgraph.gz.tbi: OK
CIMBL91.bedgraph.gz: OK
CIMBL91.bedgraph.gz.tbi: OK
CIMBL92.bedgraph.gz: OK
CIMBL92.bedgraph.gz.tbi: OK
CIMBL94.bedgraph.gz: OK
CIMBL94.bedgraph.gz.tbi: OK
CIMBL95.bedgraph.gz: OK
CIMBL95.bedgraph.gz.tbi: OK
CIMBL96.bedgraph.gz: OK
CIMBL96.bedgraph.gz.tbi: OK
CIMBL99.bedgraph.gz: OK
CIMBL99.bedgraph.gz.tbi: OK
CML114.bedgraph.gz: OK
CML114.bedgraph.gz.tbi: OK
CML121.bedgraph.gz: OK
CML121.bedgraph.gz.tbi: OK
CML122.bedgraph.gz: OK
CML122.bedgraph.gz.tbi: OK
CML130.bedgraph.gz: OK
CML130.bedgraph.gz.tbi: OK
CML134.bedgraph.gz: OK
CML134.bedgraph.gz.tbi: OK
CML139.bedgraph.gz: OK
CML139.bedgraph.gz.tbi: OK
CML162.bedgraph.gz: OK
CML162.bedgraph.gz.tbi: OK
CML163.bedgraph.gz: OK
CML163.bedgraph.gz.tbi: OK
CML166.bedgraph.gz: OK
CML166.bedgraph.gz.tbi: OK
CML168.bedgraph.gz: OK
CML168.bedgraph.gz.tbi: OK
CML170.bedgraph.gz: OK
CML170.bedgraph.gz.tbi: OK
CML171.bedgraph.gz: OK
CML171.bedgraph.gz.tbi: OK
CML172.bedgraph.gz: OK
CML172.bedgraph.gz.tbi: OK
CML189.bedgraph.gz: OK
CML189.bedgraph.gz.tbi: OK
CML192.bedgraph.gz: OK
CML192.bedgraph.gz.tbi: OK
CML223.bedgraph.gz: OK
CML223.bedgraph.gz.tbi: OK
CML226.bedgraph.gz: OK
CML226.bedgraph.gz.tbi: OK
CML26.bedgraph.gz: OK
CML26.bedgraph.gz.tbi: OK
CML27.bedgraph.gz: OK
CML27.bedgraph.gz.tbi: OK
CML28.bedgraph.gz: OK
CML28.bedgraph.gz.tbi: OK
CML285.bedgraph.gz: OK
CML285.bedgraph.gz.tbi: OK
CML286.bedgraph.gz: OK
CML286.bedgraph.gz.tbi: OK
CML287.bedgraph.gz: OK
CML287.bedgraph.gz.tbi: OK
CML29.bedgraph.gz: OK
CML29.bedgraph.gz.tbi: OK
CML307.bedgraph.gz: OK
CML307.bedgraph.gz.tbi: OK
CML32.bedgraph.gz: OK
CML32.bedgraph.gz.tbi: OK
CML323.bedgraph.gz: OK
CML323.bedgraph.gz.tbi: OK
CML324.bedgraph.gz: OK
CML324.bedgraph.gz.tbi: OK
CML325.bedgraph.gz: OK
CML325.bedgraph.gz.tbi: OK
CML327.bedgraph.gz: OK
CML327.bedgraph.gz.tbi: OK
CML360.bedgraph.gz: OK
CML360.bedgraph.gz.tbi: OK
CML361.bedgraph.gz: OK
CML361.bedgraph.gz.tbi: OK
CML40.bedgraph.gz: OK
CML40.bedgraph.gz.tbi: OK
CML411.bedgraph.gz: OK
CML411.bedgraph.gz.tbi: OK
CML423.bedgraph.gz: OK
CML423.bedgraph.gz.tbi: OK
CML426.bedgraph.gz: OK
CML426.bedgraph.gz.tbi: OK
CML428.bedgraph.gz: OK
CML428.bedgraph.gz.tbi: OK
CML430.bedgraph.gz: OK
CML430.bedgraph.gz.tbi: OK
CML431.bedgraph.gz: OK
CML431.bedgraph.gz.tbi: OK
CML432.bedgraph.gz: OK
CML432.bedgraph.gz.tbi: OK
CML451.bedgraph.gz: OK
CML451.bedgraph.gz.tbi: OK
CML470.bedgraph.gz: OK
CML470.bedgraph.gz.tbi: OK
CML471.bedgraph.gz: OK
CML471.bedgraph.gz.tbi: OK
CML493.bedgraph.gz: OK
CML493.bedgraph.gz.tbi: OK
CML69.bedgraph.gz: OK
CML69.bedgraph.gz.tbi: OK
DAN3130.bedgraph.gz: OK
DAN3130.bedgraph.gz.tbi: OK
DAN340.bedgraph.gz: OK
DAN340.bedgraph.gz.tbi: OK
DAN360.bedgraph.gz: OK
DAN360.bedgraph.gz.tbi: OK
DAN598.bedgraph.gz: OK
DAN598.bedgraph.gz.tbi: OK
DAN599.bedgraph.gz: OK
DAN599.bedgraph.gz.tbi: OK
DE.EX.bedgraph.gz: OK
DE.EX.bedgraph.gz.tbi: OK
GEMS10.bedgraph.gz: OK
GEMS10.bedgraph.gz.tbi: OK
GEMS11.bedgraph.gz: OK
GEMS11.bedgraph.gz.tbi: OK
GEMS13.bedgraph.gz: OK
GEMS13.bedgraph.gz.tbi: OK
GEMS14.bedgraph.gz: OK
GEMS14.bedgraph.gz.tbi: OK
GEMS18.bedgraph.gz: OK
GEMS18.bedgraph.gz.tbi: OK
GEMS19.bedgraph.gz: OK
GEMS19.bedgraph.gz.tbi: OK
GEMS21.bedgraph.gz: OK
GEMS21.bedgraph.gz.tbi: OK
GEMS24.bedgraph.gz: OK
GEMS24.bedgraph.gz.tbi: OK
GEMS28.bedgraph.gz: OK
GEMS28.bedgraph.gz.tbi: OK
GEMS29.bedgraph.gz: OK
GEMS29.bedgraph.gz.tbi: OK
GEMS3.bedgraph.gz: OK
GEMS3.bedgraph.gz.tbi: OK
GEMS31.bedgraph.gz: OK
GEMS31.bedgraph.gz.tbi: OK
GEMS32.bedgraph.gz: OK
GEMS32.bedgraph.gz.tbi: OK
GEMS33.bedgraph.gz: OK
GEMS33.bedgraph.gz.tbi: OK
GEMS37.bedgraph.gz: OK
GEMS37.bedgraph.gz.tbi: OK
GEMS47.bedgraph.gz: OK
GEMS47.bedgraph.gz.tbi: OK
GEMS49.bedgraph.gz: OK
GEMS49.bedgraph.gz.tbi: OK
GEMS5.bedgraph.gz: OK
GEMS5.bedgraph.gz.tbi: OK
GEMS53.bedgraph.gz: OK
GEMS53.bedgraph.gz.tbi: OK
GEMS56.bedgraph.gz: OK
GEMS56.bedgraph.gz.tbi: OK
GEMS60.bedgraph.gz: OK
GEMS60.bedgraph.gz.tbi: OK
GEMS62.bedgraph.gz: OK
GEMS62.bedgraph.gz.tbi: OK
GEMS63.bedgraph.gz: OK
GEMS63.bedgraph.gz.tbi: OK
GEMS64.bedgraph.gz: OK
GEMS64.bedgraph.gz.tbi: OK
GEMS65.bedgraph.gz: OK
GEMS65.bedgraph.gz.tbi: OK
GEMS9.bedgraph.gz: OK
GEMS9.bedgraph.gz.tbi: OK
GY220.bedgraph.gz: OK
GY220.bedgraph.gz.tbi: OK
GY237.bedgraph.gz: OK
GY237.bedgraph.gz.tbi: OK
GY386.bedgraph.gz: OK
GY386.bedgraph.gz.tbi: OK
GY462.bedgraph.gz: OK
GY462.bedgraph.gz.tbi: OK
GY798.bedgraph.gz: OK
GY798.bedgraph.gz.tbi: OK
GY923.bedgraph.gz: OK
GY923.bedgraph.gz.tbi: OK
HU803.bedgraph.gz: OK
HU803.bedgraph.gz.tbi: OK
HYS.bedgraph.gz: OK
HYS.bedgraph.gz.tbi: OK
HZS.bedgraph.gz: OK
HZS.bedgraph.gz.tbi: OK
IRF314.bedgraph.gz: OK
IRF314.bedgraph.gz.tbi: OK
J4112.bedgraph.gz: OK
J4112.bedgraph.gz.tbi: OK
JH59.bedgraph.gz: OK
JH59.bedgraph.gz.tbi: OK
JI63.bedgraph.gz: OK
JI63.bedgraph.gz.tbi: OK
JI846.bedgraph.gz: OK
JI846.bedgraph.gz.tbi: OK
JY01.bedgraph.gz: OK
JY01.bedgraph.gz.tbi: OK
K22.bedgraph.gz: OK
K22.bedgraph.gz.tbi: OK
L3180.bedgraph.gz: OK
L3180.bedgraph.gz.tbi: OK
LG001.bedgraph.gz: OK
LG001.bedgraph.gz.tbi: OK
LIAO159.bedgraph.gz: OK
LIAO159.bedgraph.gz.tbi: OK
LIAO5263.bedgraph.gz: OK
LIAO5263.bedgraph.gz.tbi: OK
LV28.bedgraph.gz: OK
LV28.bedgraph.gz.tbi: OK
LX9801.bedgraph.gz: OK
LX9801.bedgraph.gz.tbi: OK
LXN.bedgraph.gz: OK
LXN.bedgraph.gz.tbi: OK
LY.bedgraph.gz: OK
LY.bedgraph.gz.tbi: OK
M97.bedgraph.gz: OK
M97.bedgraph.gz.tbi: OK
MO17.bedgraph.gz: OK
MO17.bedgraph.gz.tbi: OK
P138.bedgraph.gz: OK
P138.bedgraph.gz.tbi: OK
P178.bedgraph.gz: OK
P178.bedgraph.gz.tbi: OK
Q1261.bedgraph.gz: OK
Q1261.bedgraph.gz.tbi: OK
QI205.bedgraph.gz: OK
QI205.bedgraph.gz.tbi: OK
QI319.bedgraph.gz: OK
QI319.bedgraph.gz.tbi: OK
RY697.bedgraph.gz: OK
RY697.bedgraph.gz.tbi: OK
RY713.bedgraph.gz: OK
RY713.bedgraph.gz.tbi: OK
RY732.bedgraph.gz: OK
RY732.bedgraph.gz.tbi: OK
S37.bedgraph.gz: OK
S37.bedgraph.gz.tbi: OK
SHEN137.bedgraph.gz: OK
SHEN137.bedgraph.gz.tbi: OK
SI273.bedgraph.gz: OK
SI273.bedgraph.gz.tbi: OK
SW92E114.bedgraph.gz: OK
SW92E114.bedgraph.gz.tbi: OK
SY1032.bedgraph.gz: OK
SY1032.bedgraph.gz.tbi: OK
SY1035.bedgraph.gz: OK
SY1035.bedgraph.gz.tbi: OK
SY1052.bedgraph.gz: OK
SY1052.bedgraph.gz.tbi: OK
SY3073.bedgraph.gz: OK
SY3073.bedgraph.gz.tbi: OK
TIAN77.bedgraph.gz: OK
TIAN77.bedgraph.gz.tbi: OK
TIE7922.bedgraph.gz: OK
TIE7922.bedgraph.gz.tbi: OK
TT16.bedgraph.gz: OK
TT16.bedgraph.gz.tbi: OK
TX5.bedgraph.gz: OK
TX5.bedgraph.gz.tbi: OK
TY1.bedgraph.gz: OK
TY1.bedgraph.gz.tbi: OK
TY10.bedgraph.gz: OK
TY10.bedgraph.gz.tbi: OK
TY11.bedgraph.gz: OK
TY11.bedgraph.gz.tbi: OK
TY2.bedgraph.gz: OK
TY2.bedgraph.gz.tbi: OK
TY3.bedgraph.gz: OK
TY3.bedgraph.gz.tbi: OK
TY6.bedgraph.gz: OK
TY6.bedgraph.gz.tbi: OK
TY7.bedgraph.gz: OK
TY7.bedgraph.gz.tbi: OK
TY8.bedgraph.gz: OK
TY8.bedgraph.gz.tbi: OK
W138.bedgraph.gz: OK
W138.bedgraph.gz.tbi: OK
WMR.bedgraph.gz: OK
WMR.bedgraph.gz.tbi: OK
WU109.bedgraph.gz: OK
WU109.bedgraph.gz.tbi: OK
YE488.bedgraph.gz: OK
YE488.bedgraph.gz.tbi: OK
YU374.bedgraph.gz: OK
YU374.bedgraph.gz.tbi: OK
YU87-1.bedgraph.gz: OK
YU87-1.bedgraph.gz.tbi: OK
Z2018F.bedgraph.gz: OK
Z2018F.bedgraph.gz.tbi: OK
ZB648.bedgraph.gz: OK
ZB648.bedgraph.gz.tbi: OK
ZHENG22.bedgraph.gz: OK
ZHENG22.bedgraph.gz.tbi: OK
ZHENG29.bedgraph.gz: OK
ZHENG29.bedgraph.gz.tbi: OK
ZHENG30.bedgraph.gz: OK
ZHENG30.bedgraph.gz.tbi: OK
ZHENG35.bedgraph.gz: OK
ZHENG35.bedgraph.gz.tbi: OK
ZHENG58.bedgraph.gz: OK
ZHENG58.bedgraph.gz.tbi: OK
ZHENG653.bedgraph.gz: OK
ZHENG653.bedgraph.gz.tbi: OK
ZHI41.bedgraph.gz: OK
ZHI41.bedgraph.gz.tbi: OK
ZZ01.bedgraph.gz: OK
ZZ01.bedgraph.gz.tbi: OK
